../Core/Src/main.c:29:5:_write	32	static
../Core/Src/main.c:39:6:trace_toggle	16	static
../Core/Src/main.c:47:6:trace_on	16	static
../Core/Src/main.c:55:6:trace_off	16	static
../Core/Src/main.c:78:5:main	16	static
../Core/Src/main.c:105:6:display_task	32	static
../Core/Src/main.c:173:6:button_task	24	static
../Core/Src/main.c:235:6:SystemClock_Config	72	static
../Core/Src/main.c:265:13:MX_I2C2_Init	8	static
../Core/Src/main.c:282:13:MX_USART1_UART_Init	8	static
../Core/Src/main.c:298:13:MX_GPIO_Init	40	static
../Core/Src/main.c:347:6:HAL_TIM_PeriodElapsedCallback	16	static
../Core/Src/main.c:364:6:Error_Handler	4	static,ignoring_inline_asm
