../Core/Src/main.c:33:5:_write	32	static
../Core/Src/main.c:43:6:trace_toggle	16	static
../Core/Src/main.c:53:6:trace_on	16	static
../Core/Src/main.c:63:6:trace_off	16	static
../Core/Src/main.c:84:5:main	16	static
../Core/Src/main.c:102:6:led_task_1	24	static
../Core/Src/main.c:113:6:led_task_2	16	static
../Core/Src/main.c:121:6:SystemClock_Config	72	static
../Core/Src/main.c:156:13:MX_USART1_UART_Init	8	static
../Core/Src/main.c:184:13:MX_GPIO_Init	40	static
../Core/Src/main.c:219:6:HAL_TIM_PeriodElapsedCallback	16	static
../Core/Src/main.c:232:6:Error_Handler	4	static,ignoring_inline_asm
