../Core/display/ssd1306.c:59:6:SSD1306_ScrollRight	16	static
../Core/display/ssd1306.c:72:6:SSD1306_ScrollLeft	16	static
../Core/display/ssd1306.c:85:6:SSD1306_Scrolldiagright	16	static
../Core/display/ssd1306.c:101:6:SSD1306_Scrolldiagleft	16	static
../Core/display/ssd1306.c:117:6:SSD1306_Stopscroll	8	static
../Core/display/ssd1306.c:124:6:SSD1306_InvertDisplay	16	static
../Core/display/ssd1306.c:133:6:SSD1306_DrawBitmap	32	static
../Core/display/ssd1306.c:156:19:SSD1306_Init	24	static
../Core/display/ssd1306.c:223:6:SSD1306_UpdateScreen	16	static
../Core/display/ssd1306.c:236:6:SSD1306_ToggleInvert	16	static
../Core/display/ssd1306.c:248:6:SSD1306_Fill	16	static
../Core/display/ssd1306.c:253:6:SSD1306_DrawPixel	16	static
../Core/display/ssd1306.c:275:6:SSD1306_GotoXY	16	static
../Core/display/ssd1306.c:281:6:SSD1306_Putc	32	static
../Core/display/ssd1306.c:312:6:SSD1306_Puts	24	static
../Core/display/ssd1306.c:330:6:SSD1306_DrawLine	40	static
../Core/display/ssd1306.c:414:6:SSD1306_DrawRectangle	32	static
../Core/display/ssd1306.c:439:6:SSD1306_DrawFilledRectangle	40	static
../Core/display/ssd1306.c:466:6:SSD1306_DrawTriangle	32	static
../Core/display/ssd1306.c:474:6:SSD1306_DrawFilledTriangle	64	static
../Core/display/ssd1306.c:530:6:SSD1306_DrawCircle	40	static
../Core/display/ssd1306.c:564:6:SSD1306_DrawFilledCircle	48	static
../Core/display/ssd1306.c:597:6:SSD1306_Clear	8	static
../Core/display/ssd1306.c:602:6:SSD1306_ON	8	static
../Core/display/ssd1306.c:607:6:SSD1306_OFF	8	static
../Core/display/ssd1306.c:623:6:ssd1306_I2C_Init	16	static
../Core/display/ssd1306.c:635:6:ssd1306_I2C_WriteMulti	296	static
../Core/display/ssd1306.c:645:6:ssd1306_I2C_Write	32	static
